
> backend@1.0.0 dev
> nodemon server.js

[33m[nodemon] 3.1.14[39m
[33m[nodemon] to restart at any time, enter `rs`[39m
[33m[nodemon] watching path(s): *.*[39m
[33m[nodemon] watching extensions: js,mjs,cjs,json[39m
[32m[nodemon] starting `node server.js`[39m
◇ injected env (7) from .env // tip: ◈ secrets for agents [www.dotenvx.com]
◇ injected env (0) from .env // tip: ⌘ enable debugging { debug: true }
✓ MongoDB conectado: localhost
🚀 Servidor iniciado en puerto 3000
[32m[nodemon] restarting due to changes...[39m
[32m[nodemon] starting `node server.js`[39m
◇ injected env (7) from .env // tip: ◈ encrypted .env [www.dotenvx.com]
◇ injected env (0) from .env // tip: ⌘ override existing { override: true }
✓ MongoDB conectado: localhost
🚀 Servidor iniciado en puerto 3000
[32m[nodemon] restarting due to changes...[39m
[32m[nodemon] restarting due to changes...[39m
[32m[nodemon] starting `node server.js`[39m
◇ injected env (7) from .env // tip: ⌘ override existing { override: true }
◇ injected env (0) from .env // tip: ⌁ auth for agents [www.vestauth.com]
✓ MongoDB conectado: localhost
🚀 Servidor iniciado en puerto 3000
[32m[nodemon] restarting due to changes...[39m
[32m[nodemon] restarting due to changes...[39m
[32m[nodemon] starting `node server.js`[39m
◇ injected env (7) from .env // tip: ⌁ auth for agents [www.vestauth.com]
[31m[nodemon] app crashed - waiting for file changes before starting...[39m
[32m[nodemon] restarting due to changes...[39m
[32m[nodemon] starting `node server.js`[39m
◇ injected env (7) from .env // tip: ⌘ suppress logs { quiet: true }
[31m[nodemon] app crashed - waiting for file changes before starting...[39m
[32m[nodemon] restarting due to changes...[39m
[32m[nodemon] starting `node server.js`[39m
◇ injected env (7) from .env // tip: ⌘ custom filepath { path: '/custom/path/.env' }
🚀 Servidor iniciado en puerto 3000
🍃 MongoDB conectado correctamente
[32m[nodemon] restarting due to changes...[39m
[32m[nodemon] starting `node server.js`[39m
◇ injected env (7) from .env // tip: ⌘ enable debugging { debug: true }
🚀 Servidor iniciado en puerto 3000
🍃 MongoDB conectado correctamente
[32m[nodemon] restarting due to changes...[39m
[32m[nodemon] restarting due to changes...[39m
[32m[nodemon] starting `node server.js`[39m
◇ injected env (7) from .env // tip: ◈ encrypted .env [www.dotenvx.com]
[32m[nodemon] restarting due to changes...[39m
[32m[nodemon] starting `node server.js`[39m
◇ injected env (7) from .env // tip: ◈ secrets for agents [www.dotenvx.com]
🚀 Servidor iniciado en puerto 3000
🍃 MongoDB conectado correctamente
[32m[nodemon] restarting due to changes...[39m
[32m[nodemon] starting `node server.js`[39m
◇ injected env (7) from .env // tip: ◈ secrets for agents [www.dotenvx.com]
🚀 Servidor iniciado en puerto 3000
🍃 MongoDB conectado correctamente
[32m[nodemon] restarting due to changes...[39m
[32m[nodemon] starting `node server.js`[39m
◇ injected env (7) from .env // tip: ⌘ suppress logs { quiet: true }
🚀 Servidor iniciado en puerto 3000
🍃 MongoDB conectado correctamente
[32m[nodemon] restarting due to changes...[39m
[32m[nodemon] starting `node server.js`[39m
◇ injected env (7) from .env // tip: ⌘ custom filepath { path: '/custom/path/.env' }
🚀 Servidor iniciado en puerto 3000
🍃 MongoDB conectado correctamente
[32m[nodemon] restarting due to changes...[39m
[32m[nodemon] starting `node server.js`[39m
◇ injected env (7) from .env // tip: ⌁ auth for agents [www.vestauth.com]
🚀 Servidor iniciado en puerto 3000
🍃 MongoDB conectado correctamente
[32m[nodemon] restarting due to changes...[39m
[32m[nodemon] starting `node server.js`[39m
◇ injected env (7) from .env // tip: ⌘ multiple files { path: ['.env.local', '.env'] }
🚀 Servidor iniciado en puerto 3000
🍃 MongoDB conectado correctamente
